INFO [2024-10-08 14:52:19] $x
INFO [2024-10-08 14:52:19] sets
INFO [2024-10-08 14:52:19] 
INFO [2024-10-08 14:52:19] $category.names
INFO [2024-10-08 14:52:19] names(sets)
INFO [2024-10-08 14:52:19] 
INFO [2024-10-08 14:52:19] $filename
INFO [2024-10-08 14:52:19] NULL
INFO [2024-10-08 14:52:19] 
INFO [2024-10-08 14:52:19] $output
INFO [2024-10-08 14:52:19] [1] TRUE
INFO [2024-10-08 14:52:19] 
INFO [2024-10-08 14:52:19] $lwd
INFO [2024-10-08 14:52:19] [1] 2
INFO [2024-10-08 14:52:19] 
INFO [2024-10-08 14:52:19] $col
INFO [2024-10-08 14:52:19] [1] "black"
INFO [2024-10-08 14:52:19] 
INFO [2024-10-08 14:52:19] $fill
INFO [2024-10-08 14:52:19] c("lightblue", "blue", "darkgreen", "yellow", "orange")
INFO [2024-10-08 14:52:19] 
INFO [2024-10-08 14:52:19] $alpha
INFO [2024-10-08 14:52:19] [1] 0.5
INFO [2024-10-08 14:52:19] 
INFO [2024-10-08 14:52:19] $cat.cex
INFO [2024-10-08 14:52:19] [1] 1.5
INFO [2024-10-08 14:52:19] 
INFO [2024-10-08 14:52:19] $cat.pos
INFO [2024-10-08 14:52:19] [1] 0
INFO [2024-10-08 14:52:19] 
INFO [2024-10-08 14:52:19] $cat.dist
INFO [2024-10-08 14:52:19] [1] 0.05
INFO [2024-10-08 14:52:19] 
