INFO [2024-11-08 11:42:35] $x
INFO [2024-11-08 11:42:35] sets
INFO [2024-11-08 11:42:35] 
INFO [2024-11-08 11:42:35] $category.names
INFO [2024-11-08 11:42:35] names(sets)
INFO [2024-11-08 11:42:35] 
INFO [2024-11-08 11:42:35] $filename
INFO [2024-11-08 11:42:35] NULL
INFO [2024-11-08 11:42:35] 
INFO [2024-11-08 11:42:35] $output
INFO [2024-11-08 11:42:35] [1] TRUE
INFO [2024-11-08 11:42:35] 
INFO [2024-11-08 11:42:35] $lwd
INFO [2024-11-08 11:42:35] [1] 2
INFO [2024-11-08 11:42:35] 
INFO [2024-11-08 11:42:35] $col
INFO [2024-11-08 11:42:35] [1] "black"
INFO [2024-11-08 11:42:35] 
INFO [2024-11-08 11:42:35] $fill
INFO [2024-11-08 11:42:35] c("lightblue", "blue", "darkgreen", "yellow")
INFO [2024-11-08 11:42:35] 
INFO [2024-11-08 11:42:35] $alpha
INFO [2024-11-08 11:42:35] [1] 0.5
INFO [2024-11-08 11:42:35] 
INFO [2024-11-08 11:42:35] $cat.cex
INFO [2024-11-08 11:42:35] [1] 1.5
INFO [2024-11-08 11:42:35] 
INFO [2024-11-08 11:42:35] $cat.pos
INFO [2024-11-08 11:42:35] [1] 0
INFO [2024-11-08 11:42:35] 
INFO [2024-11-08 11:42:35] $cat.dist
INFO [2024-11-08 11:42:35] [1] 0.05
INFO [2024-11-08 11:42:35] 
