INFO [2024-11-08 11:41:16] $x
INFO [2024-11-08 11:41:16] sets
INFO [2024-11-08 11:41:16] 
INFO [2024-11-08 11:41:16] $category.names
INFO [2024-11-08 11:41:16] names(sets)
INFO [2024-11-08 11:41:16] 
INFO [2024-11-08 11:41:16] $filename
INFO [2024-11-08 11:41:16] NULL
INFO [2024-11-08 11:41:16] 
INFO [2024-11-08 11:41:16] $output
INFO [2024-11-08 11:41:16] [1] TRUE
INFO [2024-11-08 11:41:16] 
INFO [2024-11-08 11:41:16] $lwd
INFO [2024-11-08 11:41:16] [1] 2
INFO [2024-11-08 11:41:16] 
INFO [2024-11-08 11:41:16] $col
INFO [2024-11-08 11:41:16] [1] "black"
INFO [2024-11-08 11:41:16] 
INFO [2024-11-08 11:41:16] $fill
INFO [2024-11-08 11:41:16] c("lightblue", "blue", "darkgreen", "yellow")
INFO [2024-11-08 11:41:16] 
INFO [2024-11-08 11:41:16] $alpha
INFO [2024-11-08 11:41:16] [1] 0.5
INFO [2024-11-08 11:41:16] 
INFO [2024-11-08 11:41:16] $cat.cex
INFO [2024-11-08 11:41:16] [1] 1.5
INFO [2024-11-08 11:41:16] 
INFO [2024-11-08 11:41:16] $cat.pos
INFO [2024-11-08 11:41:16] [1] 0
INFO [2024-11-08 11:41:16] 
INFO [2024-11-08 11:41:16] $cat.dist
INFO [2024-11-08 11:41:16] [1] 0.05
INFO [2024-11-08 11:41:16] 
