INFO [2024-11-08 11:40:00] $x
INFO [2024-11-08 11:40:00] sets
INFO [2024-11-08 11:40:00] 
INFO [2024-11-08 11:40:00] $category.names
INFO [2024-11-08 11:40:00] names(sets)
INFO [2024-11-08 11:40:00] 
INFO [2024-11-08 11:40:00] $filename
INFO [2024-11-08 11:40:00] NULL
INFO [2024-11-08 11:40:00] 
INFO [2024-11-08 11:40:00] $output
INFO [2024-11-08 11:40:00] [1] TRUE
INFO [2024-11-08 11:40:00] 
INFO [2024-11-08 11:40:00] $lwd
INFO [2024-11-08 11:40:00] [1] 2
INFO [2024-11-08 11:40:00] 
INFO [2024-11-08 11:40:00] $col
INFO [2024-11-08 11:40:00] [1] "black"
INFO [2024-11-08 11:40:00] 
INFO [2024-11-08 11:40:00] $fill
INFO [2024-11-08 11:40:00] c("lightblue", "blue", "darkgreen", "yellow")
INFO [2024-11-08 11:40:00] 
INFO [2024-11-08 11:40:00] $alpha
INFO [2024-11-08 11:40:00] [1] 0.5
INFO [2024-11-08 11:40:00] 
INFO [2024-11-08 11:40:00] $cat.cex
INFO [2024-11-08 11:40:00] [1] 1.5
INFO [2024-11-08 11:40:00] 
INFO [2024-11-08 11:40:00] $cat.pos
INFO [2024-11-08 11:40:00] [1] 0
INFO [2024-11-08 11:40:00] 
INFO [2024-11-08 11:40:00] $cat.dist
INFO [2024-11-08 11:40:00] [1] 0.05
INFO [2024-11-08 11:40:00] 
