INFO [2024-11-08 11:24:53] $x
INFO [2024-11-08 11:24:53] sets
INFO [2024-11-08 11:24:53] 
INFO [2024-11-08 11:24:53] $category.names
INFO [2024-11-08 11:24:53] names(sets)
INFO [2024-11-08 11:24:53] 
INFO [2024-11-08 11:24:53] $filename
INFO [2024-11-08 11:24:53] NULL
INFO [2024-11-08 11:24:53] 
INFO [2024-11-08 11:24:53] $output
INFO [2024-11-08 11:24:53] [1] TRUE
INFO [2024-11-08 11:24:53] 
INFO [2024-11-08 11:24:53] $lwd
INFO [2024-11-08 11:24:53] [1] 2
INFO [2024-11-08 11:24:53] 
INFO [2024-11-08 11:24:53] $col
INFO [2024-11-08 11:24:53] [1] "black"
INFO [2024-11-08 11:24:53] 
INFO [2024-11-08 11:24:53] $fill
INFO [2024-11-08 11:24:53] c("lightblue", "blue", "darkgreen", "yellow", "orange")
INFO [2024-11-08 11:24:53] 
INFO [2024-11-08 11:24:53] $alpha
INFO [2024-11-08 11:24:53] [1] 0.5
INFO [2024-11-08 11:24:53] 
INFO [2024-11-08 11:24:53] $cat.cex
INFO [2024-11-08 11:24:53] [1] 1.5
INFO [2024-11-08 11:24:53] 
INFO [2024-11-08 11:24:53] $cat.pos
INFO [2024-11-08 11:24:53] [1] 0
INFO [2024-11-08 11:24:53] 
INFO [2024-11-08 11:24:53] $cat.dist
INFO [2024-11-08 11:24:53] [1] 0.05
INFO [2024-11-08 11:24:53] 
ERROR [2024-11-08 11:24:53] Unexpected parameter length for "fill"
