INFO [2024-11-08 11:55:23] $x
INFO [2024-11-08 11:55:23] sets
INFO [2024-11-08 11:55:23] 
INFO [2024-11-08 11:55:23] $category.names
INFO [2024-11-08 11:55:23] names(sets)
INFO [2024-11-08 11:55:23] 
INFO [2024-11-08 11:55:23] $filename
INFO [2024-11-08 11:55:23] NULL
INFO [2024-11-08 11:55:23] 
INFO [2024-11-08 11:55:23] $output
INFO [2024-11-08 11:55:23] [1] TRUE
INFO [2024-11-08 11:55:23] 
INFO [2024-11-08 11:55:23] $lwd
INFO [2024-11-08 11:55:23] [1] 2
INFO [2024-11-08 11:55:23] 
INFO [2024-11-08 11:55:23] $col
INFO [2024-11-08 11:55:23] [1] "black"
INFO [2024-11-08 11:55:23] 
INFO [2024-11-08 11:55:23] $fill
INFO [2024-11-08 11:55:23] c("lightblue", "blue", "darkgreen", "yellow")
INFO [2024-11-08 11:55:23] 
INFO [2024-11-08 11:55:23] $alpha
INFO [2024-11-08 11:55:23] [1] 0.5
INFO [2024-11-08 11:55:23] 
INFO [2024-11-08 11:55:23] $cat.cex
INFO [2024-11-08 11:55:23] [1] 1.5
INFO [2024-11-08 11:55:23] 
INFO [2024-11-08 11:55:23] $cat.pos
INFO [2024-11-08 11:55:23] [1] 0
INFO [2024-11-08 11:55:23] 
INFO [2024-11-08 11:55:23] $cat.dist
INFO [2024-11-08 11:55:23] [1] 0.05
INFO [2024-11-08 11:55:23] 
