INFO [2024-11-08 11:41:54] $x
INFO [2024-11-08 11:41:54] sets
INFO [2024-11-08 11:41:54] 
INFO [2024-11-08 11:41:54] $category.names
INFO [2024-11-08 11:41:54] names(sets)
INFO [2024-11-08 11:41:54] 
INFO [2024-11-08 11:41:54] $filename
INFO [2024-11-08 11:41:54] NULL
INFO [2024-11-08 11:41:54] 
INFO [2024-11-08 11:41:54] $output
INFO [2024-11-08 11:41:54] [1] TRUE
INFO [2024-11-08 11:41:54] 
INFO [2024-11-08 11:41:54] $lwd
INFO [2024-11-08 11:41:54] [1] 2
INFO [2024-11-08 11:41:54] 
INFO [2024-11-08 11:41:54] $col
INFO [2024-11-08 11:41:54] [1] "black"
INFO [2024-11-08 11:41:54] 
INFO [2024-11-08 11:41:54] $fill
INFO [2024-11-08 11:41:54] c("lightblue", "blue", "darkgreen", "yellow")
INFO [2024-11-08 11:41:54] 
INFO [2024-11-08 11:41:54] $alpha
INFO [2024-11-08 11:41:54] [1] 0.5
INFO [2024-11-08 11:41:54] 
INFO [2024-11-08 11:41:54] $cat.cex
INFO [2024-11-08 11:41:54] [1] 1.5
INFO [2024-11-08 11:41:54] 
INFO [2024-11-08 11:41:54] $cat.pos
INFO [2024-11-08 11:41:54] [1] 0
INFO [2024-11-08 11:41:54] 
INFO [2024-11-08 11:41:54] $cat.dist
INFO [2024-11-08 11:41:54] [1] 0.05
INFO [2024-11-08 11:41:54] 
