INFO [2024-10-08 14:47:40] $x
INFO [2024-10-08 14:47:40] sets
INFO [2024-10-08 14:47:40] 
INFO [2024-10-08 14:47:40] $category.names
INFO [2024-10-08 14:47:40] names(sets)
INFO [2024-10-08 14:47:40] 
INFO [2024-10-08 14:47:40] $filename
INFO [2024-10-08 14:47:40] NULL
INFO [2024-10-08 14:47:40] 
INFO [2024-10-08 14:47:40] $output
INFO [2024-10-08 14:47:40] [1] TRUE
INFO [2024-10-08 14:47:40] 
INFO [2024-10-08 14:47:40] $lwd
INFO [2024-10-08 14:47:40] [1] 2
INFO [2024-10-08 14:47:40] 
INFO [2024-10-08 14:47:40] $col
INFO [2024-10-08 14:47:40] [1] "black"
INFO [2024-10-08 14:47:40] 
INFO [2024-10-08 14:47:40] $fill
INFO [2024-10-08 14:47:40] c("red", "blue", "green", "yellow", "orange")
INFO [2024-10-08 14:47:40] 
INFO [2024-10-08 14:47:40] $alpha
INFO [2024-10-08 14:47:40] [1] 0.5
INFO [2024-10-08 14:47:40] 
INFO [2024-10-08 14:47:40] $cat.cex
INFO [2024-10-08 14:47:40] [1] 1.5
INFO [2024-10-08 14:47:40] 
INFO [2024-10-08 14:47:40] $cat.pos
INFO [2024-10-08 14:47:40] [1] 0
INFO [2024-10-08 14:47:40] 
INFO [2024-10-08 14:47:40] $cat.dist
INFO [2024-10-08 14:47:40] [1] 0.05
INFO [2024-10-08 14:47:40] 
