INFO [2024-10-08 14:52:58] $x
INFO [2024-10-08 14:52:58] sets
INFO [2024-10-08 14:52:58] 
INFO [2024-10-08 14:52:58] $category.names
INFO [2024-10-08 14:52:58] names(sets)
INFO [2024-10-08 14:52:58] 
INFO [2024-10-08 14:52:58] $filename
INFO [2024-10-08 14:52:58] NULL
INFO [2024-10-08 14:52:58] 
INFO [2024-10-08 14:52:58] $output
INFO [2024-10-08 14:52:58] [1] TRUE
INFO [2024-10-08 14:52:58] 
INFO [2024-10-08 14:52:58] $lwd
INFO [2024-10-08 14:52:58] [1] 2
INFO [2024-10-08 14:52:58] 
INFO [2024-10-08 14:52:58] $col
INFO [2024-10-08 14:52:58] [1] "black"
INFO [2024-10-08 14:52:58] 
INFO [2024-10-08 14:52:58] $fill
INFO [2024-10-08 14:52:58] c("lightblue", "blue", "darkgreen", "yellow", "orange")
INFO [2024-10-08 14:52:58] 
INFO [2024-10-08 14:52:58] $alpha
INFO [2024-10-08 14:52:58] [1] 0.5
INFO [2024-10-08 14:52:58] 
INFO [2024-10-08 14:52:58] $cat.cex
INFO [2024-10-08 14:52:58] [1] 1.5
INFO [2024-10-08 14:52:58] 
INFO [2024-10-08 14:52:58] $cat.pos
INFO [2024-10-08 14:52:58] [1] 0
INFO [2024-10-08 14:52:58] 
INFO [2024-10-08 14:52:58] $cat.dist
INFO [2024-10-08 14:52:58] [1] 0.05
INFO [2024-10-08 14:52:58] 
