INFO [2024-11-08 11:25:43] $x
INFO [2024-11-08 11:25:43] sets
INFO [2024-11-08 11:25:43] 
INFO [2024-11-08 11:25:43] $category.names
INFO [2024-11-08 11:25:43] names(sets)
INFO [2024-11-08 11:25:43] 
INFO [2024-11-08 11:25:43] $filename
INFO [2024-11-08 11:25:43] NULL
INFO [2024-11-08 11:25:43] 
INFO [2024-11-08 11:25:43] $output
INFO [2024-11-08 11:25:43] [1] TRUE
INFO [2024-11-08 11:25:43] 
INFO [2024-11-08 11:25:43] $lwd
INFO [2024-11-08 11:25:43] [1] 2
INFO [2024-11-08 11:25:43] 
INFO [2024-11-08 11:25:43] $col
INFO [2024-11-08 11:25:43] [1] "black"
INFO [2024-11-08 11:25:43] 
INFO [2024-11-08 11:25:43] $fill
INFO [2024-11-08 11:25:43] c("lightblue", "blue", "darkgreen", "yellow")
INFO [2024-11-08 11:25:43] 
INFO [2024-11-08 11:25:43] $alpha
INFO [2024-11-08 11:25:43] [1] 0.5
INFO [2024-11-08 11:25:43] 
INFO [2024-11-08 11:25:43] $cat.cex
INFO [2024-11-08 11:25:43] [1] 1.5
INFO [2024-11-08 11:25:43] 
INFO [2024-11-08 11:25:43] $cat.pos
INFO [2024-11-08 11:25:43] [1] 0
INFO [2024-11-08 11:25:43] 
INFO [2024-11-08 11:25:43] $cat.dist
INFO [2024-11-08 11:25:43] [1] 0.05
INFO [2024-11-08 11:25:43] 
