INFO [2024-11-08 11:51:27] $x
INFO [2024-11-08 11:51:27] sets
INFO [2024-11-08 11:51:27] 
INFO [2024-11-08 11:51:27] $category.names
INFO [2024-11-08 11:51:27] names(sets)
INFO [2024-11-08 11:51:27] 
INFO [2024-11-08 11:51:27] $filename
INFO [2024-11-08 11:51:27] NULL
INFO [2024-11-08 11:51:27] 
INFO [2024-11-08 11:51:27] $output
INFO [2024-11-08 11:51:27] [1] TRUE
INFO [2024-11-08 11:51:27] 
INFO [2024-11-08 11:51:27] $lwd
INFO [2024-11-08 11:51:27] [1] 2
INFO [2024-11-08 11:51:27] 
INFO [2024-11-08 11:51:27] $col
INFO [2024-11-08 11:51:27] [1] "black"
INFO [2024-11-08 11:51:27] 
INFO [2024-11-08 11:51:27] $fill
INFO [2024-11-08 11:51:27] c("lightblue", "blue", "darkgreen", "yellow")
INFO [2024-11-08 11:51:27] 
INFO [2024-11-08 11:51:27] $alpha
INFO [2024-11-08 11:51:27] [1] 0.5
INFO [2024-11-08 11:51:27] 
INFO [2024-11-08 11:51:27] $cat.cex
INFO [2024-11-08 11:51:27] [1] 1.5
INFO [2024-11-08 11:51:27] 
INFO [2024-11-08 11:51:27] $cat.pos
INFO [2024-11-08 11:51:27] [1] 0
INFO [2024-11-08 11:51:27] 
INFO [2024-11-08 11:51:27] $cat.dist
INFO [2024-11-08 11:51:27] [1] 0.05
INFO [2024-11-08 11:51:27] 
