INFO [2024-10-08 14:58:07] $x
INFO [2024-10-08 14:58:07] sets
INFO [2024-10-08 14:58:07] 
INFO [2024-10-08 14:58:07] $category.names
INFO [2024-10-08 14:58:07] names(sets)
INFO [2024-10-08 14:58:07] 
INFO [2024-10-08 14:58:07] $filename
INFO [2024-10-08 14:58:07] NULL
INFO [2024-10-08 14:58:07] 
INFO [2024-10-08 14:58:07] $output
INFO [2024-10-08 14:58:07] [1] TRUE
INFO [2024-10-08 14:58:07] 
INFO [2024-10-08 14:58:07] $lwd
INFO [2024-10-08 14:58:07] [1] 2
INFO [2024-10-08 14:58:07] 
INFO [2024-10-08 14:58:07] $col
INFO [2024-10-08 14:58:07] [1] "black"
INFO [2024-10-08 14:58:07] 
INFO [2024-10-08 14:58:07] $fill
INFO [2024-10-08 14:58:07] c("lightblue", "blue", "darkgreen", "yellow", "orange")
INFO [2024-10-08 14:58:07] 
INFO [2024-10-08 14:58:07] $alpha
INFO [2024-10-08 14:58:07] [1] 0.5
INFO [2024-10-08 14:58:07] 
INFO [2024-10-08 14:58:07] $cat.cex
INFO [2024-10-08 14:58:07] [1] 1.5
INFO [2024-10-08 14:58:07] 
INFO [2024-10-08 14:58:07] $cat.pos
INFO [2024-10-08 14:58:07] [1] 0
INFO [2024-10-08 14:58:07] 
INFO [2024-10-08 14:58:07] $cat.dist
INFO [2024-10-08 14:58:07] [1] 0.05
INFO [2024-10-08 14:58:07] 
